fadsfda
fdasf
dsaf

11111111111

222222
